  Lisa's project.c
C:\Users\USER\Desktop\C語言\Lisa-s-project\Lisa's project\Lisa's project.c(169,38): warning C4047: '函式': 'int *' 與 'int' 間接取值的層級不同
C:\Users\USER\Desktop\C語言\Lisa-s-project\Lisa's project\Lisa's project.c(169,38): warning C4024: 'operation_system': 型式和實質參數 4 不同的類型
C:\Users\USER\Desktop\C語言\Lisa-s-project\Lisa's project\Lisa's project.c(169,51): warning C4047: '函式': 'int *' 與 'int' 間接取值的層級不同
C:\Users\USER\Desktop\C語言\Lisa-s-project\Lisa's project\Lisa's project.c(169,51): warning C4024: 'operation_system': 型式和實質參數 5 不同的類型
C:\Users\USER\Desktop\C語言\Lisa-s-project\Lisa's project\Lisa's project.c(183,11): warning C4047: '==': 'FILE *' 與 'int' 間接取值的層級不同
C:\Users\USER\Desktop\C語言\Lisa-s-project\Lisa's project\Lisa's project.c(186,3): warning C4098: 'file_open': 'void' 函式正在傳回值
C:\Users\USER\Desktop\C語言\Lisa-s-project\Lisa's project\Lisa's project.c(192,3): warning C4098: 'file_open': 'void' 函式正在傳回值
C:\Users\USER\Desktop\C語言\Lisa-s-project\Lisa's project\Lisa's project.c(782,30): warning C4047: '函式': 'int *' 與 'int **' 間接取值的層級不同
C:\Users\USER\Desktop\C語言\Lisa-s-project\Lisa's project\Lisa's project.c(782,30): warning C4024: 'first_time': 型式和實質參數 3 不同的類型
C:\Users\USER\Desktop\C語言\Lisa-s-project\Lisa's project\Lisa's project.c(782,44): warning C4047: '函式': 'int *' 與 'int **' 間接取值的層級不同
C:\Users\USER\Desktop\C語言\Lisa-s-project\Lisa's project\Lisa's project.c(782,44): warning C4024: 'first_time': 型式和實質參數 4 不同的類型
C:\Users\USER\Desktop\C語言\Lisa-s-project\Lisa's project\Lisa's project.c(784,53): warning C4047: '函式': 'int' 與 'int *' 間接取值的層級不同
C:\Users\USER\Desktop\C語言\Lisa-s-project\Lisa's project\Lisa's project.c(784,53): warning C4024: 'create_calendar_list_console': 型式和實質參數 3 不同的類型
C:\Users\USER\Desktop\C語言\Lisa-s-project\Lisa's project\Lisa's project.c(784,66): warning C4047: '函式': 'int' 與 'int *' 間接取值的層級不同
C:\Users\USER\Desktop\C語言\Lisa-s-project\Lisa's project\Lisa's project.c(784,66): warning C4024: 'create_calendar_list_console': 型式和實質參數 4 不同的類型
C:\Users\USER\Desktop\C語言\Lisa-s-project\Lisa's project\Lisa's project.c(803,32): warning C4047: '函式': 'int *' 與 'int **' 間接取值的層級不同
C:\Users\USER\Desktop\C語言\Lisa-s-project\Lisa's project\Lisa's project.c(803,32): warning C4024: 'receive_data': 型式和實質參數 3 不同的類型
C:\Users\USER\Desktop\C語言\Lisa-s-project\Lisa's project\Lisa's project.c(803,46): warning C4047: '函式': 'int *' 與 'int **' 間接取值的層級不同
C:\Users\USER\Desktop\C語言\Lisa-s-project\Lisa's project\Lisa's project.c(803,46): warning C4024: 'receive_data': 型式和實質參數 4 不同的類型
C:\Users\USER\Desktop\C語言\Lisa-s-project\Lisa's project\Lisa's project.c(805,53): warning C4047: '函式': 'int' 與 'int *' 間接取值的層級不同
C:\Users\USER\Desktop\C語言\Lisa-s-project\Lisa's project\Lisa's project.c(805,53): warning C4024: 'create_calendar_list_console': 型式和實質參數 3 不同的類型
C:\Users\USER\Desktop\C語言\Lisa-s-project\Lisa's project\Lisa's project.c(805,66): warning C4047: '函式': 'int' 與 'int *' 間接取值的層級不同
C:\Users\USER\Desktop\C語言\Lisa-s-project\Lisa's project\Lisa's project.c(805,66): warning C4024: 'create_calendar_list_console': 型式和實質參數 4 不同的類型
  正在產生程式碼
  3 of 35 functions ( 8.6%) were compiled, the rest were copied from previous compilation.
    0 functions were new in current compilation
    2 functions had inline decision re-evaluated but remain unchanged
  已完成程式碼產生
  Lisa's project.vcxproj -> C:\Users\USER\Desktop\C語言\Lisa-s-project\Lisa's project\x64\Release\Lisa's project.exe
